WORKSPACE                                 TEMPLATE           STATUS   HEALTHY  LAST BUILT  CURRENT VERSION  OUTDATED  STARTS AT  STOPS AFTER  
  gallant-banzai6-Pjq/hopeful_antonelli5  romantic_mclaren3  Started  true     0s          nifty_shirley6   false                             
